// Jest Snapshot v1, https://goo.gl/fbAQLP

exports[`FooterContactDetails matches snapshot 1`] = `'<Connect(FooterContactDetails) />'`;
