// Jest Snapshot v1, https://goo.gl/fbAQLP

exports[`ExternalLink matches snapshot 1`] = `
"<h6 className=\\"o-footer__external-link o-footer__matrix-title\\">
<a className=\\"o-footer__more-from-ft o-footer__matrix-title\\" href=\\"test test\\">
test test
</a>
</h6>"
`;
