// Jest Snapshot v1, https://goo.gl/fbAQLP

exports[`FooterCopyright matches snapshot 1`] = `'<Connect(FooterCopyright) />'`;
