// Jest Snapshot v1, https://goo.gl/fbAQLP

exports[`KatFooterContainer matches snapshot 1`] = `'<Connect(KatFooterContainer) />'`;
